2026-09-13T19:04:45.479Z setNativeSchedule target=2026-10-17T18:00:00.000Z tz=Europe/Madrid
2026-09-13T19:04:47.329Z schedule mode enabled; state={"inputs":[{"tag":"input","value":"Madrid","readonly":false},{"tag":"input","value":"21:20","readonly":true},{"tag":"input","value":"2026-09-13","readonly":true},{"tag":"input","value":"on","readonly":false},{"tag":"input","value":"on","readonly":false}],"panels":{"timepicker":false,"calendar":false},"scheduleRadioChecked":true}
2026-09-13T19:04:47.339Z found 2 control(s): [{"kind":"time","index":24,"x":386,"y":1031,"text":"21:20","tag":"input","role":"","readonly":true},{"kind":"date","index":25,"x":578,"y":1031,"text":"2026-09-13","tag":"input","role":"","readonly":true}]
2026-09-13T19:04:47.350Z attempt 1: want time=20:00 date=2026-10-17; controls=[{"kind":"time","index":24,"x":386,"y":1031,"text":"21:20","tag":"input","role":"","readonly":true},{"kind":"date","index":25,"x":578,"y":1031,"text":"2026-09-13","tag":"input","role":"","readonly":true}]
2026-09-13T19:04:48.089Z   time: panel did not open (state={"found":true,"visible":false,"text":":000102030405060708091011121314151617181920212223000510152025303540455055"})
2026-09-13T19:04:48.813Z   time: panel did not open (state={"found":true,"visible":false,"text":":000102030405060708091011121314151617181920212223000510152025303540455055"})
2026-09-13T19:04:50.272Z   after time: ok=false; state={"inputs":[{"tag":"input","value":"Madrid","readonly":false},{"tag":"input","value":"21:20","readonly":false},{"tag":"input","value":"2026-09-13","readonly":true},{"tag":"input","value":"on","readonly":false},{"tag":"input","value":"on","readonly":false}],"panels":{"timepicker":false,"calendar":false},"scheduleRadioChecked":true}
2026-09-13T19:04:51.217Z   date: clicked field at (578,533.953125); state={"inputs":[{"tag":"input","value":"Madrid","readonly":false},{"tag":"input","value":"21:20","readonly":false},{"tag":"input","value":"2026-09-13","readonly":true},{"tag":"input","value":"on","readonly":false},{"tag":"input","value":"on","readonly":false}],"panels":{"timepicker":false,"calendar":true},"scheduleRadioChecked":true}
2026-09-13T19:04:51.240Z   date: iteration 1 header={"score":31,"month":9,"year":2026,"header":"September / 2026"}
2026-09-13T19:04:51.248Z   date: next-month clicked=true
2026-09-13T19:04:51.764Z   date: iteration 2 header={"score":31,"month":9,"year":2026,"header":"September / 2026"}
2026-09-13T19:04:51.768Z   date: next-month clicked=true
2026-09-13T19:04:52.283Z   date: iteration 3 header={"score":31,"month":9,"year":2026,"header":"September / 2026"}
2026-09-13T19:04:52.530Z   date: next-month clicked=true
2026-09-13T19:04:53.057Z   date: iteration 4 header={"score":31,"month":9,"year":2026,"header":"September / 2026"}
2026-09-13T19:04:53.184Z   date: next-month clicked=true
2026-09-13T19:04:53.705Z   date: iteration 5 header={"score":31,"month":9,"year":2026,"header":"September / 2026"}
2026-09-13T19:04:53.854Z   date: next-month clicked=true
2026-09-13T19:04:54.371Z   date: iteration 6 header={"score":31,"month":9,"year":2026,"header":"September / 2026"}
2026-09-13T19:04:54.469Z   date: next-month clicked=true
2026-09-13T19:04:54.977Z   date: iteration 7 header={"score":31,"month":9,"year":2026,"header":"September / 2026"}
2026-09-13T19:04:55.080Z   date: next-month clicked=true
2026-09-13T19:04:55.590Z   date: iteration 8 header={"score":31,"month":9,"year":2026,"header":"September / 2026"}
2026-09-13T19:04:55.711Z   date: next-month clicked=true
2026-09-13T19:04:56.227Z   date: iteration 9 header={"score":31,"month":9,"year":2026,"header":"September / 2026"}
2026-09-13T19:04:56.336Z   date: next-month clicked=true
2026-09-13T19:04:56.861Z   date: iteration 10 header={"score":31,"month":9,"year":2026,"header":"September / 2026"}
2026-09-13T19:04:56.977Z   date: next-month clicked=true
2026-09-13T19:04:57.494Z   date: iteration 11 header={"score":31,"month":9,"year":2026,"header":"September / 2026"}
2026-09-13T19:04:57.647Z   date: next-month clicked=true
2026-09-13T19:04:58.174Z   date: iteration 12 header={"score":31,"month":9,"year":2026,"header":"September / 2026"}
2026-09-13T19:04:58.317Z   date: next-month clicked=true
2026-09-13T19:04:58.833Z   date: iteration 13 header={"score":31,"month":9,"year":2026,"header":"September / 2026"}
2026-09-13T19:04:58.976Z   date: next-month clicked=true
2026-09-13T19:04:59.495Z   date: iteration 14 header={"score":31,"month":9,"year":2026,"header":"September / 2026"}
2026-09-13T19:04:59.594Z   date: next-month clicked=true
2026-09-13T19:05:00.109Z   date: iteration 15 header={"score":31,"month":9,"year":2026,"header":"September / 2026"}
2026-09-13T19:05:00.230Z   date: next-month clicked=true
2026-09-13T19:05:00.765Z   date: fallback click day=17 -> true
2026-09-13T19:05:02.771Z   date: clicked field at (578,533.953125); state={"inputs":[],"panels":{"timepicker":false,"calendar":false},"scheduleRadioChecked":null}
2026-09-13T19:05:02.796Z   date: iteration 1 header=null
2026-09-13T19:05:02.873Z   date: next-month clicked=true
2026-09-13T19:05:03.402Z   date: iteration 2 header=null
2026-09-13T19:05:03.480Z   date: next-month clicked=true
2026-09-13T19:05:03.995Z   date: iteration 3 header=null
2026-09-13T19:05:04.076Z   date: next-month clicked=true
2026-09-13T19:05:04.586Z   date: iteration 4 header=null
2026-09-13T19:05:04.639Z   date: next-month clicked=true
2026-09-13T19:05:05.156Z   date: iteration 5 header=null
2026-09-13T19:05:05.308Z   date: next-month clicked=true
2026-09-13T19:05:05.878Z   date: iteration 6 header=null
2026-09-13T19:05:05.953Z   date: next-month clicked=true
2026-09-13T19:05:06.466Z   date: iteration 7 header=null
2026-09-13T19:05:06.523Z   date: next-month clicked=true
2026-09-13T19:05:07.032Z   date: iteration 8 header=null
2026-09-13T19:05:07.110Z   date: next-month clicked=true
2026-09-13T19:05:07.624Z   date: iteration 9 header=null
2026-09-13T19:05:07.695Z   date: next-month clicked=true
2026-09-13T19:05:08.212Z   date: iteration 10 header=null
2026-09-13T19:05:08.315Z   date: next-month clicked=true
2026-09-13T19:05:08.825Z   date: iteration 11 header=null
2026-09-13T19:05:08.882Z   date: next-month clicked=true
2026-09-13T19:05:09.393Z   date: iteration 12 header=null
2026-09-13T19:05:09.445Z   date: next-month clicked=true
2026-09-13T19:05:09.962Z   date: iteration 13 header=null
2026-09-13T19:05:10.027Z   date: next-month clicked=true
2026-09-13T19:05:10.546Z   date: iteration 14 header=null
2026-09-13T19:05:10.600Z   date: next-month clicked=true
2026-09-13T19:05:11.116Z   date: iteration 15 header=null
2026-09-13T19:05:11.177Z   date: next-month clicked=true
2026-09-13T19:05:11.684Z   date: fallback click day=17 -> false
2026-09-13T19:05:14.280Z   after date: ok=false; state={"inputs":[],"panels":{"timepicker":false,"calendar":false},"scheduleRadioChecked":null}
2026-09-13T19:05:15.201Z attempt 1 readback: time= date= match=false
2026-09-13T19:05:15.716Z attempt 2: want time=20:00 date=2026-10-17; controls=[{"kind":"time","index":24,"x":386,"y":1031,"text":"21:20","tag":"input","role":"","readonly":true},{"kind":"date","index":25,"x":578,"y":1031,"text":"2026-09-13","tag":"input","role":"","readonly":true}]
2026-09-13T19:05:16.441Z   time: panel did not open (state={"found":false,"visible":false})
2026-09-13T19:05:17.166Z   time: panel did not open (state={"found":false,"visible":false})
2026-09-13T19:05:18.853Z   after time: ok=false; state={"inputs":[],"panels":{"timepicker":false,"calendar":false},"scheduleRadioChecked":null}
2026-09-13T19:05:19.779Z   date: clicked field at (578,1031); state={"inputs":[],"panels":{"timepicker":false,"calendar":false},"scheduleRadioChecked":null}
2026-09-13T19:05:19.812Z   date: iteration 1 header=null
2026-09-13T19:05:19.956Z   date: next-month clicked=true
2026-09-13T19:05:20.467Z   date: iteration 2 header=null
2026-09-13T19:05:20.567Z   date: next-month clicked=true
2026-09-13T19:05:21.086Z   date: iteration 3 header=null
2026-09-13T19:05:21.147Z   date: next-month clicked=true
2026-09-13T19:05:21.667Z   date: iteration 4 header=null
2026-09-13T19:05:21.738Z   date: next-month clicked=true
2026-09-13T19:05:22.248Z   date: iteration 5 header=null
2026-09-13T19:05:22.298Z   date: next-month clicked=true
2026-09-13T19:05:22.820Z   date: iteration 6 header=null
2026-09-13T19:05:22.910Z   date: next-month clicked=true
2026-09-13T19:05:23.417Z   date: iteration 7 header=null
2026-09-13T19:05:23.481Z   date: next-month clicked=true
2026-09-13T19:05:24.003Z   date: iteration 8 header=null
2026-09-13T19:05:24.115Z   date: next-month clicked=true
2026-09-13T19:05:24.636Z   date: iteration 9 header=null
2026-09-13T19:05:24.709Z   date: next-month clicked=true
2026-09-13T19:05:25.224Z   date: iteration 10 header=null
2026-09-13T19:05:25.284Z   date: next-month clicked=true
2026-09-13T19:05:25.805Z   date: iteration 11 header=null
2026-09-13T19:05:25.860Z   date: next-month clicked=true
2026-09-13T19:05:26.377Z   date: iteration 12 header=null
2026-09-13T19:05:26.549Z   date: next-month clicked=true
2026-09-13T19:05:27.064Z   date: iteration 13 header=null
2026-09-13T19:05:27.164Z   date: next-month clicked=true
2026-09-13T19:05:27.687Z   date: iteration 14 header=null
2026-09-13T19:05:27.764Z   date: next-month clicked=true
2026-09-13T19:05:28.280Z   date: iteration 15 header=null
2026-09-13T19:05:28.359Z   date: next-month clicked=true
2026-09-13T19:05:28.868Z   date: fallback click day=17 -> false
2026-09-13T19:05:30.533Z   date: clicked field at (578,1031); state={"inputs":[],"panels":{"timepicker":false,"calendar":false},"scheduleRadioChecked":null}
2026-09-13T19:05:30.557Z   date: iteration 1 header=null
2026-09-13T19:05:30.643Z   date: next-month clicked=true
2026-09-13T19:05:31.168Z   date: iteration 2 header=null
2026-09-13T19:05:31.341Z   date: next-month clicked=true
2026-09-13T19:05:31.859Z   date: iteration 3 header=null
2026-09-13T19:05:31.912Z   date: next-month clicked=true
2026-09-13T19:05:32.430Z   date: iteration 4 header=null
2026-09-13T19:05:32.482Z   date: next-month clicked=true
2026-09-13T19:05:33.001Z   date: iteration 5 header=null
2026-09-13T19:05:33.052Z   date: next-month clicked=true
2026-09-13T19:05:33.576Z   date: iteration 6 header=null
2026-09-13T19:05:33.630Z   date: next-month clicked=true
2026-09-13T19:05:34.141Z   date: iteration 7 header=null
2026-09-13T19:05:34.200Z   date: next-month clicked=true
2026-09-13T19:05:34.713Z   date: iteration 8 header=null
2026-09-13T19:05:34.814Z   date: next-month clicked=true
2026-09-13T19:05:35.346Z   date: iteration 9 header=null
2026-09-13T19:05:35.418Z   date: next-month clicked=true
2026-09-13T19:05:35.943Z   date: iteration 10 header=null
2026-09-13T19:05:36.014Z   date: next-month clicked=true
2026-09-13T19:05:36.539Z   date: iteration 11 header=null
2026-09-13T19:05:36.627Z   date: next-month clicked=true
2026-09-13T19:05:37.155Z   date: iteration 12 header=null
2026-09-13T19:05:37.310Z   date: next-month clicked=true
2026-09-13T19:05:37.839Z   date: iteration 13 header=null
2026-09-13T19:05:37.958Z   date: next-month clicked=true
2026-09-13T19:05:38.556Z   date: iteration 14 header=null
2026-09-13T19:05:38.811Z   date: next-month clicked=true
2026-09-13T19:05:39.341Z   date: iteration 15 header=null
2026-09-13T19:05:39.499Z   date: next-month clicked=true
2026-09-13T19:05:40.017Z   date: fallback click day=17 -> false
2026-09-13T19:05:42.547Z   after date: ok=false; state={"inputs":[],"panels":{"timepicker":false,"calendar":false},"scheduleRadioChecked":null}
2026-09-13T19:05:43.461Z attempt 2 readback: time= date= match=false
2026-09-13T19:05:43.973Z attempt 3: want time=20:00 date=2026-10-17; controls=[{"kind":"time","index":24,"x":386,"y":1031,"text":"21:20","tag":"input","role":"","readonly":true},{"kind":"date","index":25,"x":578,"y":1031,"text":"2026-09-13","tag":"input","role":"","readonly":true}]
2026-09-13T19:05:44.698Z   time: panel did not open (state={"found":false,"visible":false})
2026-09-13T19:05:45.429Z   time: panel did not open (state={"found":false,"visible":false})
2026-09-13T19:05:46.905Z   after time: ok=false; state={"inputs":[],"panels":{"timepicker":false,"calendar":false},"scheduleRadioChecked":null}
2026-09-13T19:05:47.816Z   date: clicked field at (578,1031); state={"inputs":[],"panels":{"timepicker":false,"calendar":false},"scheduleRadioChecked":null}
2026-09-13T19:05:47.835Z   date: iteration 1 header=null
2026-09-13T19:05:47.992Z   date: next-month clicked=true
2026-09-13T19:05:48.517Z   date: iteration 2 header=null
2026-09-13T19:05:48.646Z   date: next-month clicked=true
2026-09-13T19:05:49.175Z   date: iteration 3 header=null
2026-09-13T19:05:49.265Z   date: next-month clicked=true
2026-09-13T19:05:49.797Z   date: iteration 4 header=null
2026-09-13T19:05:49.936Z   date: next-month clicked=true
2026-09-13T19:05:50.448Z   date: iteration 5 header=null
2026-09-13T19:05:50.539Z   date: next-month clicked=true
2026-09-13T19:05:51.052Z   date: iteration 6 header=null
2026-09-13T19:05:51.103Z   date: next-month clicked=true
2026-09-13T19:05:51.625Z   date: iteration 7 header=null
2026-09-13T19:05:51.696Z   date: next-month clicked=true
2026-09-13T19:05:52.231Z   date: iteration 8 header=null
2026-09-13T19:05:52.326Z   date: next-month clicked=true
2026-09-13T19:05:52.847Z   date: iteration 9 header=null
2026-09-13T19:05:52.907Z   date: next-month clicked=true
2026-09-13T19:05:53.429Z   date: iteration 10 header=null
2026-09-13T19:05:53.489Z   date: next-month clicked=true
2026-09-13T19:05:54.016Z   date: iteration 11 header=null
2026-09-13T19:05:54.089Z   date: next-month clicked=true
2026-09-13T19:05:54.605Z   date: iteration 12 header=null
2026-09-13T19:05:54.668Z   date: next-month clicked=true
2026-09-13T19:05:55.186Z   date: iteration 13 header=null
2026-09-13T19:05:55.346Z   date: next-month clicked=true
2026-09-13T19:05:55.876Z   date: iteration 14 header=null
2026-09-13T19:05:55.971Z   date: next-month clicked=true
2026-09-13T19:05:56.481Z   date: iteration 15 header=null
2026-09-13T19:05:56.537Z   date: next-month clicked=true
2026-09-13T19:05:57.059Z   date: fallback click day=17 -> false
2026-09-13T19:05:58.642Z   date: clicked field at (578,1031); state={"inputs":[],"panels":{"timepicker":false,"calendar":false},"scheduleRadioChecked":null}
2026-09-13T19:05:58.658Z   date: iteration 1 header=null
2026-09-13T19:05:58.716Z   date: next-month clicked=true
2026-09-13T19:05:59.343Z   date: iteration 2 header=null
2026-09-13T19:05:59.429Z   date: next-month clicked=true
2026-09-13T19:05:59.964Z   date: iteration 3 header=null
2026-09-13T19:06:00.164Z   date: next-month clicked=true
2026-09-13T19:06:00.689Z   date: iteration 4 header=null
2026-09-13T19:06:00.771Z   date: next-month clicked=true
2026-09-13T19:06:01.284Z   date: iteration 5 header=null
2026-09-13T19:06:01.347Z   date: next-month clicked=true
2026-09-13T19:06:01.877Z   date: iteration 6 header=null
2026-09-13T19:06:01.950Z   date: next-month clicked=true
2026-09-13T19:06:02.473Z   date: iteration 7 header=null
2026-09-13T19:06:02.563Z   date: next-month clicked=true
2026-09-13T19:06:03.093Z   date: iteration 8 header=null
2026-09-13T19:06:03.183Z   date: next-month clicked=true
2026-09-13T19:06:03.706Z   date: iteration 9 header=null
2026-09-13T19:06:03.809Z   date: next-month clicked=true
2026-09-13T19:06:04.342Z   date: iteration 10 header=null
2026-09-13T19:06:04.408Z   date: next-month clicked=true
2026-09-13T19:06:04.932Z   date: iteration 11 header=null
2026-09-13T19:06:05.013Z   date: next-month clicked=true
2026-09-13T19:06:05.548Z   date: iteration 12 header=null
2026-09-13T19:06:05.693Z   date: next-month clicked=true
2026-09-13T19:06:06.220Z   date: iteration 13 header=null
2026-09-13T19:06:06.325Z   date: next-month clicked=true
2026-09-13T19:06:06.852Z   date: iteration 14 header=null
2026-09-13T19:06:06.939Z   date: next-month clicked=true
2026-09-13T19:06:07.459Z   date: iteration 15 header=null
2026-09-13T19:06:07.559Z   date: next-month clicked=true
2026-09-13T19:06:08.074Z   date: fallback click day=17 -> false
2026-09-13T19:06:10.664Z   after date: ok=false; state={"inputs":[],"panels":{"timepicker":false,"calendar":false},"scheduleRadioChecked":null}
2026-09-13T19:06:11.583Z attempt 3 readback: time= date= match=false
2026-09-13T19:06:12.108Z attempt 4: want time=20:00 date=2026-10-17; controls=[{"kind":"time","index":24,"x":386,"y":1031,"text":"21:20","tag":"input","role":"","readonly":true},{"kind":"date","index":25,"x":578,"y":1031,"text":"2026-09-13","tag":"input","role":"","readonly":true}]
2026-09-13T19:06:12.820Z   time: panel did not open (state={"found":false,"visible":false})
2026-09-13T19:06:13.537Z   time: panel did not open (state={"found":false,"visible":false})
2026-09-13T19:06:15.036Z   after time: ok=false; state={"inputs":[],"panels":{"timepicker":false,"calendar":false},"scheduleRadioChecked":null}
2026-09-13T19:06:15.959Z   date: clicked field at (578,1031); state={"inputs":[],"panels":{"timepicker":false,"calendar":false},"scheduleRadioChecked":null}
2026-09-13T19:06:15.987Z   date: iteration 1 header=null
2026-09-13T19:06:16.112Z   date: next-month clicked=true
2026-09-13T19:06:16.648Z   date: iteration 2 header=null
2026-09-13T19:06:16.743Z   date: next-month clicked=true
2026-09-13T19:06:17.280Z   date: iteration 3 header=null
2026-09-13T19:06:17.393Z   date: next-month clicked=true
2026-09-13T19:06:17.932Z   date: iteration 4 header=null
2026-09-13T19:06:18.036Z   date: next-month clicked=true
2026-09-13T19:06:18.602Z   date: iteration 5 header=null
2026-09-13T19:06:18.789Z   date: next-month clicked=true
2026-09-13T19:06:19.342Z   date: iteration 6 header=null
2026-09-13T19:06:19.444Z   date: next-month clicked=true
2026-09-13T19:06:19.979Z   date: iteration 7 header=null
2026-09-13T19:06:20.072Z   date: next-month clicked=true
2026-09-13T19:06:20.643Z   date: iteration 8 header=null
2026-09-13T19:06:20.733Z   date: next-month clicked=true
2026-09-13T19:06:21.321Z   date: iteration 9 header=null
2026-09-13T19:06:21.582Z   date: next-month clicked=true
2026-09-13T19:06:22.116Z   date: iteration 10 header=null
2026-09-13T19:06:22.248Z   date: next-month clicked=true
2026-09-13T19:06:22.795Z   date: iteration 11 header=null
2026-09-13T19:06:22.911Z   date: next-month clicked=true
2026-09-13T19:06:23.453Z   date: iteration 12 header=null
2026-09-13T19:06:23.518Z   date: next-month clicked=true
2026-09-13T19:06:24.046Z   date: iteration 13 header=null
2026-09-13T19:06:24.112Z   date: next-month clicked=true
2026-09-13T19:06:24.657Z   date: iteration 14 header=null
2026-09-13T19:06:24.760Z   date: next-month clicked=true
2026-09-13T19:06:25.276Z   date: iteration 15 header=null
2026-09-13T19:06:25.370Z   date: next-month clicked=true
2026-09-13T19:06:25.891Z   date: fallback click day=17 -> false
2026-09-13T19:06:27.502Z   date: clicked field at (578,1031); state={"inputs":[],"panels":{"timepicker":false,"calendar":false},"scheduleRadioChecked":null}
2026-09-13T19:06:27.530Z   date: iteration 1 header=null
2026-09-13T19:06:27.613Z   date: next-month clicked=true
2026-09-13T19:06:28.137Z   date: iteration 2 header=null
2026-09-13T19:06:28.205Z   date: next-month clicked=true
2026-09-13T19:06:28.761Z   date: iteration 3 header=null
2026-09-13T19:06:28.867Z   date: next-month clicked=true
2026-09-13T19:06:29.424Z   date: iteration 4 header=null
2026-09-13T19:06:29.512Z   date: next-month clicked=true
2026-09-13T19:06:30.091Z   date: iteration 5 header=null
2026-09-13T19:06:30.208Z   date: next-month clicked=true
2026-09-13T19:06:30.736Z   date: iteration 6 header=null
2026-09-13T19:06:30.879Z   date: next-month clicked=true
2026-09-13T19:06:31.411Z   date: iteration 7 header=null
2026-09-13T19:06:31.466Z   date: next-month clicked=true
2026-09-13T19:06:31.988Z   date: iteration 8 header=null
2026-09-13T19:06:32.029Z   date: next-month clicked=true
2026-09-13T19:06:32.575Z   date: iteration 9 header=null
2026-09-13T19:06:32.677Z   date: next-month clicked=true
2026-09-13T19:06:33.204Z   date: iteration 10 header=null
2026-09-13T19:06:33.262Z   date: next-month clicked=true
2026-09-13T19:06:33.789Z   date: iteration 11 header=null
2026-09-13T19:06:33.850Z   date: next-month clicked=true
2026-09-13T19:06:34.380Z   date: iteration 12 header=null
2026-09-13T19:06:34.455Z   date: next-month clicked=true
2026-09-13T19:06:34.991Z   date: iteration 13 header=null
2026-09-13T19:06:35.039Z   date: next-month clicked=true
2026-09-13T19:06:35.584Z   date: iteration 14 header=null
2026-09-13T19:06:35.698Z   date: next-month clicked=true
2026-09-13T19:06:36.211Z   date: iteration 15 header=null
2026-09-13T19:06:36.273Z   date: next-month clicked=true
2026-09-13T19:06:36.813Z   date: fallback click day=17 -> false
2026-09-13T19:06:39.324Z   after date: ok=false; state={"inputs":[],"panels":{"timepicker":false,"calendar":false},"scheduleRadioChecked":null}
2026-09-13T19:06:40.238Z attempt 4 readback: time= date= match=false
